// Jest Snapshot v1, https://goo.gl/fbAQLP

exports[`AppComponent should render 1`] = `
<sr-root>
  <router-outlet />
</sr-root>
`;
